info  Running SUSHI v3.20.0 (implements FHIR Shorthand specification v3.0.0)
info  Arguments:
info    C:\Users\tuncer\Desktop\Sefa-Nazife\Makaleler\A-Amiral-FHIR-IG\ig
info  No output path specified. Output to .
info  Using configuration file: C:\Users\tuncer\Desktop\Sefa-Nazife\Makaleler\A-Amiral-FHIR-IG\ig\sushi-config.yaml
info  Importing FSH text...
info  Preprocessed 1 documents with 2 aliases.
info  Imported 13 definitions and 8 instances.
info  Loaded virtual package sushi-r5forR4#1.0.0 with 7 resources
info  Resolved hl7.fhir.uv.tools.r4#latest to concrete version 1.1.2
info  Loaded hl7.fhir.uv.tools.r4#1.1.2 with 119 resources
info  Resolved hl7.terminology.r4#latest to concrete version 7.3.0
info  Loaded hl7.terminology.r4#7.3.0 with 4176 resources
info  Loaded hl7.fhir.uv.ips#2.0.1 with 74 resources
info  Loaded hl7.fhir.us.pacio-pfe#2.0.0 with 42 resources
info  Loaded hl7.fhir.r4.core#4.0.1 with 4581 resources
info  Resolved hl7.fhir.uv.extensions.r4#latest to concrete version 5.3.0
info  Loaded hl7.fhir.uv.extensions.r4#5.3.0 with 885 resources
info  Loaded virtual package sushi-local#LOCAL with 0 resources
info  Converting FSH to FHIR resources...
info  Converted 6 FHIR StructureDefinitions.
info  Converted 1 FHIR CodeSystems.
info  Converted 6 FHIR ValueSets.
info  Converted 8 FHIR instances.
info  Exporting FHIR resources as JSON...
info  Exported 21 FHIR resources as JSON.
info  Assembling Implementation Guide sources...
info  Generated ImplementationGuide-dysphagia.care.transition.json
info  Assembled Implementation Guide sources; ready for IG Publisher.
info  The _build script hosted at https://github.com/HL7/ig-publisher-scripts is useful for downloading and running the IG Publisher.

========================= SUSHI RESULTS ===========================
|  -------------------------------------------------------------  |
| |    Profiles   |  Extensions  |   Logicals   |   Resources   | |
| |-------------------------------------------------------------| |
| |       6       |      0       |      0       |       0       | |
|  -------------------------------------------------------------  |
|  -------------------------------------------------------------  |
| |      ValueSets     |    CodeSystems    |     Instances      | |
| |-------------------------------------------------------------| |
| |         6          |         1         |         8          | |
|  -------------------------------------------------------------  |
|                                                                 |
===================================================================
| You're swimming in success!            0 Errors      0 Warnings |
===================================================================

